// Jest Snapshot v1, https://goo.gl/fbAQLP

exports[`MessageScreen ActivityFeed component renders correctly 1`] = `
<View
  style={
    Object {
      "backgroundColor": "#FFFFFF",
      "flex": 1,
    }
  }
>
  <FlatList
    data={
      Array [
        Object {
          "id": "1",
        },
        Object {
          "id": "2",
        },
        Object {
          "id": "3",
        },
      ]
    }
    disableVirtualization={false}
    horizontal={false}
    initialNumToRender={10}
    keyExtractor={[Function]}
    maxToRenderPerBatch={10}
    numColumns={1}
    onEndReachedThreshold={2}
    removeClippedSubviews={false}
    renderItem={[Function]}
    scrollEventThrottle={50}
    stickyHeaderIndices={
      Array [
        0,
      ]
    }
    updateCellsBatchingPeriod={50}
    windowSize={21}
  />
</View>
`;
