// Jest Snapshot v1, https://goo.gl/fbAQLP

exports[`ActivityFilter ActivityFilter component renders correctly 1`] = `
<View>
  <TouchableWithoutFeedback
    onPress={[Function]}
  >
    <View>
      <View
        style={
          Object {
            "alignItems": "center",
            "borderColor": "#8F8FAF",
            "borderRadius": 30,
            "borderWidth": 1,
            "height": 50,
            "justifyContent": "center",
            "left": 0,
            "marginTop": 20,
            "width": 50,
          }
        }
      />
      <View
        style={
          Object {
            "left": 100,
            "marginTop": 30,
            "position": "absolute",
          }
        }
      >
        <Text
          style={
            Object {
              "color": "#8E8EAE",
              "fontFamily": "BananaGrotesk-light",
              "fontSize": 28.000000000000004,
              "letterSpacing": 0,
              "lineHeight": 32,
            }
          }
        >
          Wall Post
        </Text>
      </View>
    </View>
  </TouchableWithoutFeedback>
  <View />
</View>
`;
