// Jest Snapshot v1, https://goo.gl/fbAQLP

exports[`FriendRequestsScreen should match to snapshot 1`] = `
<View
  style={
    Object {
      "backgroundColor": "#FFFFFF",
      "flex": 1,
    }
  }
>
  <View
    style={
      Object {
        "flexDirection": "row",
        "marginBottom": 36.142857142857146,
        "marginLeft": 50,
        "marginRight": 50,
        "marginTop": 69,
      }
    }
  >
    <ForwardRef
      onPress={[Function]}
      style={
        Object {
          "justifyContent": "flex-start",
          "width": 46,
        }
      }
    >
      <SvgMock />
    </ForwardRef>
    <Text
      style={
        Object {
          "color": "#1F1F60",
          "fontFamily": "BananaGrotesk-Bold",
          "fontSize": 40,
          "letterSpacing": -0.28,
          "marginLeft": 132,
        }
      }
    >
      Friend Requests
    </Text>
  </View>
  <View
    style={
      Object {
        "backgroundColor": "#E6ECED",
        "height": 1,
        "width": 750,
      }
    }
  />
  <ScrollViewMock
    showsVerticalScrollIndicator={false}
  >
    <FlatList
      data={
        Array [
          Object {
            "daysText": "1 day ago",
            "id": "1",
            "name": "Armando Santanera",
            "online": true,
            "optionalText": "48 Friends in Common",
          },
          Object {
            "daysText": "1 day ago",
            "id": "2",
            "name": "Armando Santanera",
            "online": false,
            "optionalText": "48 Friends in Common",
          },
          Object {
            "daysText": "1 day ago",
            "id": "3",
            "name": "Armando Santanera",
            "online": false,
            "optionalText": "48 Friends in Common",
          },
          Object {
            "daysText": "1 day ago",
            "id": "4",
            "name": "Armando Santanera",
            "online": false,
            "optionalText": "48 Friends in Common",
          },
          Object {
            "daysText": "1 day ago",
            "id": "5",
            "name": "Armando Santanera",
            "online": false,
            "optionalText": "48 Friends in Common",
          },
          Object {
            "daysText": "1 day ago",
            "id": "6",
            "name": "Armando Santanera",
            "online": false,
            "optionalText": "48 Friends in Common",
          },
          Object {
            "daysText": "1 day ago",
            "id": "7",
            "name": "Armando Santanera",
            "online": false,
            "optionalText": "48 Friends in Common",
          },
          Object {
            "daysText": "1 day ago",
            "id": "8",
            "name": "Armando Santanera",
            "online": false,
            "optionalText": "48 Friends in Common",
          },
          Object {
            "daysText": "1 day ago",
            "id": "9",
            "name": "Armando Santanera",
            "online": false,
            "optionalText": "48 Friends in Common",
          },
        ]
      }
      disableVirtualization={false}
      horizontal={false}
      initialNumToRender={10}
      keyExtractor={[Function]}
      maxToRenderPerBatch={10}
      numColumns={1}
      onEndReachedThreshold={2}
      removeClippedSubviews={false}
      renderItem={[Function]}
      scrollEventThrottle={50}
      updateCellsBatchingPeriod={50}
      windowSize={21}
    />
  </ScrollViewMock>
</View>
`;
