// Jest Snapshot v1, https://goo.gl/fbAQLP

exports[`LoginScreen rendering should match to snapshot 1`] = `
<View
  style={
    Object {
      "backgroundColor": "white",
      "flex": 1,
    }
  }
>
  <View
    style={
      Object {
        "backgroundColor": "white",
        "height": 58.188802083333336,
        "width": "100%",
      }
    }
  />
  <View
    style={
      Object {
        "backgroundColor": "white",
        "flex": 1,
      }
    }
  >
    <ForwardRef
      onPress={[Function]}
      style={
        Object {
          "left": 54,
          "position": "absolute",
          "top": 2.60546875,
        }
      }
    >
      <Image
        source={
          Object {
            "default": "",
          }
        }
        style={
          Object {
            "height": 31.265625,
            "resizeMode": "contain",
            "width": 36,
          }
        }
      />
    </ForwardRef>
    <View
      style={
        Object {
          "alignItems": "center",
          "justifyContent": "center",
        }
      }
    >
      <Image
        source={
          Object {
            "default": "",
          }
        }
        style={
          Object {
            "height": 216.108,
            "marginTop": 236.25140000000002,
            "resizeMode": "contain",
            "width": 434.99999999999994,
          }
        }
      />
      <View
        style={
          Array [
            Object {
              "width": 549.75,
            },
            Object {
              "marginTop": 123.395,
            },
          ]
        }
      >
        <TextInputComponent
          borderBottomColor="#7B46E4"
          borderBottomStyle={Object {}}
          captureText={[Function]}
          onBlur={[Function]}
          onFocus={[Function]}
          placeholder="Email / Phone No."
          placeholderTextColor="#8F8FAF"
        />
      </View>
      <View
        style={
          Array [
            Object {
              "width": 549.75,
            },
            Object {
              "marginTop": 42.688,
            },
          ]
        }
      >
        <TextInputForPassword
          borderBottomColor="#7B46E4"
          borderBottomStyle={Object {}}
          captureText={[Function]}
          onBlur={[Function]}
          onFocus={[Function]}
          placeholder="Password"
          placeholderTextColor="#8F8FAF"
        />
      </View>
    </View>
    <View
      style={
        Object {
          "alignItems": "center",
          "justifyContent": "center",
          "marginTop": 53.36,
        }
      }
    >
      <MediumButton
        disabled={false}
        onPress={[Function]}
        outline={false}
        style={Object {}}
        title="Continue"
      />
      <ClickableText
        onPress={[Function]}
        style={
          Object {
            "marginTop": 34.684000000000005,
          }
        }
        text="Forgot password"
        textStyle={
          Object {
            "color": "#7B46E4",
            "fontFamily": "BananaGrotesk-Bold",
            "fontSize": 28,
          }
        }
      />
      <View
        style={
          Object {
            "alignItems": "center",
            "flexDirection": "row",
            "justifyContent": "center",
            "marginTop": 200.1,
          }
        }
      >
        <Text
          style={
            Object {
              "color": "#1F1F60",
              "fontFamily": "BananaGrotesk-Regular",
              "fontSize": 31,
            }
          }
        >
          Not an user? 
        </Text>
        <ClickableText
          onPress={[Function]}
          style={Object {}}
          text="Sign up"
          textStyle={
            Object {
              "color": "#7B46E4",
              "fontFamily": "BananaGrotesk-Bold",
            }
          }
        />
      </View>
    </View>
  </View>
</View>
`;
