// Jest Snapshot v1, https://goo.gl/fbAQLP

exports[`ResetPasswordScreen rendering should match to snapshot 1`] = `
<View
  style={
    Object {
      "backgroundColor": "white",
      "flex": 1,
    }
  }
>
  <View
    style={
      Object {
        "backgroundColor": "white",
        "height": 58.188802083333336,
        "width": "100%",
      }
    }
  />
  <View
    style={
      Object {
        "backgroundColor": "white",
        "flex": 1,
      }
    }
  >
    <ForwardRef
      onPress={[Function]}
      style={
        Object {
          "left": 54,
          "position": "absolute",
          "top": 2.60546875,
        }
      }
    >
      <Image
        source={
          Object {
            "default": "",
          }
        }
        style={
          Object {
            "height": 31.265625,
            "resizeMode": "contain",
            "width": 36,
          }
        }
      />
    </ForwardRef>
    <View
      style={
        Object {
          "alignItems": "center",
          "justifyContent": "center",
        }
      }
    >
      <Image
        source={
          Object {
            "default": "",
          }
        }
        style={
          Object {
            "height": 217.04179999999997,
            "marginTop": 133.4,
            "resizeMode": "contain",
            "width": 434.99999999999994,
          }
        }
      />
      <Text
        style={
          Object {
            "color": "#1F1F60",
            "fontFamily": "BananaGrotesk-Medium",
            "fontSize": 38,
            "marginTop": 38.686,
          }
        }
      >
        Reset Password
      </Text>
      <View
        style={
          Array [
            Object {
              "marginTop": 142.43229166666669,
            },
            Object {
              "width": 550,
            },
          ]
        }
      >
        <TextInputForPassword
          borderBottomColor="#7B46E4"
          borderBottomStyle={Object {}}
          captureText={[Function]}
          onBlur={[Function]}
          onFocus={[Function]}
          placeholder="New Password"
          placeholderTextColor="#8F8FAF"
        />
        <View
          style={
            Object {
              "height": 24.317708333333336,
              "justifyContent": "center",
              "marginTop": 8.684895833333334,
            }
          }
        >
          <View
            style={
              Object {
                "alignItems": "center",
                "flexDirection": "row",
              }
            }
          >
            <Text
              style={
                Object {
                  "color": "#08C981",
                  "fontFamily": "BananaGrotesk-Medium",
                  "fontSize": 28,
                  "textAlign": "center",
                }
              }
            >
               
            </Text>
            <Text
              style={
                Array [
                  Object {
                    "color": "#FF1742",
                    "fontFamily": "BananaGrotesk-Regular",
                    "fontSize": 25,
                  },
                  undefined,
                ]
              }
            />
          </View>
        </View>
      </View>
      <View
        style={
          Array [
            Object {
              "marginTop": 26.0546875,
            },
            Object {
              "width": 550,
            },
          ]
        }
      >
        <TextInputForPassword
          borderBottomColor="#7B46E4"
          borderBottomStyle={Object {}}
          captureText={[Function]}
          onBlur={[Function]}
          onFocus={[Function]}
          placeholder="Confirm Password"
          placeholderTextColor="#8F8FAF"
        />
      </View>
    </View>
    <View
      style={
        Object {
          "alignItems": "center",
          "justifyContent": "center",
          "marginTop": 86.84895833333334,
        }
      }
    >
      <MediumButton
        disabled={false}
        onPress={[Function]}
        outline={false}
        style={Object {}}
        title="Continue"
      />
      <View
        style={
          Object {
            "alignItems": "center",
            "flexDirection": "row",
            "justifyContent": "center",
            "marginTop": "23%",
          }
        }
      >
        <Text
          style={
            Object {
              "color": "#1F1F60",
              "fontFamily": "BananaGrotesk-Regular",
              "fontSize": 31,
            }
          }
        >
          Not an user? 
        </Text>
        <ClickableText
          onPress={[Function]}
          style={Object {}}
          text="Sign up"
          textStyle={
            Object {
              "color": "#7B46E4",
              "fontFamily": "BananaGrotesk-Bold",
            }
          }
        />
      </View>
    </View>
  </View>
</View>
`;
