// Jest Snapshot v1, https://goo.gl/fbAQLP

exports[`Search Results People Screen should render the component itself correctly 1`] = `
<View
  style={
    Object {
      "alignItems": "center",
      "backgroundColor": "#FFFFFF",
      "flex": 1,
      "justifyContent": "center",
    }
  }
>
  <ScrollViewMock
    showsVerticalScrollIndicator={false}
  >
    <View
      style={
        Object {
          "marginVertical": 20,
          "width": 650,
        }
      }
    >
      <View
        key="0"
        style={
          Object {
            "marginBottom": 10,
          }
        }
      >
        <ListOfUsers
          buttonText="Add"
          buttonTextAfterPress="Added"
          image={
            Object {
              "default": "",
            }
          }
          name="Amelia Jones"
          needoptiontext={false}
          onCancelPress={[Function]}
          onPress={[Function]}
          optionalText="Following 54 Storylines"
          profileType={1}
          type={1}
        />
      </View>
      <View
        key="1"
        style={
          Object {
            "marginBottom": 10,
          }
        }
      >
        <ListOfUsers
          buttonText="Add"
          buttonTextAfterPress="Added"
          image={
            Object {
              "default": "",
            }
          }
          name="Amelia Jones"
          needoptiontext={false}
          onCancelPress={[Function]}
          onPress={[Function]}
          optionalText="Following 54 Storylines"
          profileType={1}
          type={1}
        />
      </View>
      <View
        key="2"
        style={
          Object {
            "marginBottom": 10,
          }
        }
      >
        <ListOfUsers
          buttonText="Add"
          buttonTextAfterPress="Added"
          image={
            Object {
              "default": "",
            }
          }
          name="Amelia Jones"
          needoptiontext={false}
          onCancelPress={[Function]}
          onPress={[Function]}
          optionalText="Following 54 Storylines"
          profileType={1}
          type={1}
        />
      </View>
      <View
        key="3"
        style={
          Object {
            "marginBottom": 10,
          }
        }
      >
        <ListOfUsers
          buttonText="Add"
          buttonTextAfterPress="Added"
          image={
            Object {
              "default": "",
            }
          }
          name="Amelia Jones"
          needoptiontext={false}
          onCancelPress={[Function]}
          onPress={[Function]}
          optionalText="Following 54 Storylines"
          profileType={1}
          type={1}
        />
      </View>
      <View
        key="4"
        style={
          Object {
            "marginBottom": 10,
          }
        }
      >
        <ListOfUsers
          buttonText="Add"
          buttonTextAfterPress="Added"
          image={
            Object {
              "default": "",
            }
          }
          name="Amelia Jones"
          needoptiontext={false}
          onCancelPress={[Function]}
          onPress={[Function]}
          optionalText="Following 54 Storylines"
          profileType={1}
          type={1}
        />
      </View>
      <View
        key="5"
        style={
          Object {
            "marginBottom": 10,
          }
        }
      >
        <ListOfUsers
          buttonText="Add"
          buttonTextAfterPress="Added"
          image={
            Object {
              "default": "",
            }
          }
          name="Amelia Jones"
          needoptiontext={false}
          onCancelPress={[Function]}
          onPress={[Function]}
          optionalText="Following 54 Storylines"
          profileType={1}
          type={1}
        />
      </View>
      <View
        key="6"
        style={
          Object {
            "marginBottom": 10,
          }
        }
      >
        <ListOfUsers
          buttonText="Add"
          buttonTextAfterPress="Added"
          image={
            Object {
              "default": "",
            }
          }
          name="Amelia Jones"
          needoptiontext={false}
          onCancelPress={[Function]}
          onPress={[Function]}
          optionalText="Following 54 Storylines"
          profileType={1}
          type={1}
        />
      </View>
      <View
        key="7"
        style={
          Object {
            "marginBottom": 10,
          }
        }
      >
        <ListOfUsers
          buttonText="Add"
          buttonTextAfterPress="Added"
          image={
            Object {
              "default": "",
            }
          }
          name="Amelia Jones"
          needoptiontext={false}
          onCancelPress={[Function]}
          onPress={[Function]}
          optionalText="Following 54 Storylines"
          profileType={1}
          type={1}
        />
      </View>
      <View
        key="8"
        style={
          Object {
            "marginBottom": 10,
          }
        }
      >
        <ListOfUsers
          buttonText="Add"
          buttonTextAfterPress="Added"
          image={
            Object {
              "default": "",
            }
          }
          name="Amelia Jones"
          needoptiontext={false}
          onCancelPress={[Function]}
          onPress={[Function]}
          optionalText="Following 54 Storylines"
          profileType={1}
          type={1}
        />
      </View>
      <View
        key="9"
        style={
          Object {
            "marginBottom": 10,
          }
        }
      >
        <ListOfUsers
          buttonText="Add"
          buttonTextAfterPress="Added"
          image={
            Object {
              "default": "",
            }
          }
          name="Amelia Jones"
          needoptiontext={false}
          onCancelPress={[Function]}
          onPress={[Function]}
          optionalText="Following 54 Storylines"
          profileType={1}
          type={1}
        />
      </View>
      <View
        key="10"
        style={
          Object {
            "marginBottom": 10,
          }
        }
      >
        <ListOfUsers
          buttonText="Add"
          buttonTextAfterPress="Added"
          image={
            Object {
              "default": "",
            }
          }
          name="Amelia Jones"
          needoptiontext={false}
          onCancelPress={[Function]}
          onPress={[Function]}
          optionalText="Following 54 Storylines"
          profileType={1}
          type={1}
        />
      </View>
    </View>
  </ScrollViewMock>
</View>
`;
