// Jest Snapshot v1, https://goo.gl/fbAQLP

exports[`Search Results StoryLine Screen should render the component itself correctly 1`] = `
<View
  style={
    Object {
      "alignItems": "center",
      "backgroundColor": "#FFFFFF",
      "flex": 1,
      "justifyContent": "center",
    }
  }
>
  <ComponentWrapper
    showsVerticalScrollIndicator={false}
  >
    <View
      style={
        Object {
          "marginVertical": 4,
          "width": 650,
        }
      }
    >
      <View
        key="0"
        style={
          Object {
            "marginTop": 20,
          }
        }
      >
        <storyLineShortestCard
          category="World"
          date="Sept 21, 2019"
          description="Ray Contreras talks about the different accents"
          source="Forbes"
          storyImage={
            Object {
              "default": "",
            }
          }
          storyTitle="UK exit from the European Union"
          trending={true}
          type={1}
        />
        <View
          style={
            Object {
              "borderBottomColor": "#E6ECED",
              "borderBottomWidth": 1,
              "marginTop": 20,
              "width": 750,
            }
          }
        />
      </View>
      <View
        key="1"
        style={
          Object {
            "marginTop": 20,
          }
        }
      >
        <storyLineShortestCard
          category="World"
          date="Sept 21, 2019"
          description="Ray Contreras talks about the different accents"
          source="Forbes"
          storyImage={
            Object {
              "default": "",
            }
          }
          storyTitle="UK exit from the European Union"
          trending={true}
          type={1}
        />
        <View
          style={
            Object {
              "borderBottomColor": "#E6ECED",
              "borderBottomWidth": 1,
              "marginTop": 20,
              "width": 750,
            }
          }
        />
      </View>
      <View
        key="2"
        style={
          Object {
            "marginTop": 20,
          }
        }
      >
        <storyLineShortestCard
          category="World"
          date="Sept 21, 2019"
          description="Ray Contreras talks about the different accents"
          source="Forbes"
          storyImage={
            Object {
              "default": "",
            }
          }
          storyTitle="UK exit from the European Union"
          trending={true}
          type={1}
        />
        <View
          style={
            Object {
              "borderBottomColor": "#E6ECED",
              "borderBottomWidth": 1,
              "marginTop": 20,
              "width": 750,
            }
          }
        />
      </View>
      <View
        key="3"
        style={
          Object {
            "marginTop": 20,
          }
        }
      >
        <storyLineShortestCard
          category="World"
          date="Sept 21, 2019"
          description="Ray Contreras talks about the different accents"
          source="Forbes"
          storyImage={
            Object {
              "default": "",
            }
          }
          storyTitle="UK exit from the European Union"
          trending={true}
          type={1}
        />
        <View
          style={
            Object {
              "borderBottomColor": "#E6ECED",
              "borderBottomWidth": 1,
              "marginTop": 20,
              "width": 750,
            }
          }
        />
      </View>
      <View
        key="4"
        style={
          Object {
            "marginTop": 20,
          }
        }
      >
        <storyLineShortestCard
          category="World"
          date="Sept 21, 2019"
          description="Ray Contreras talks about the different accents"
          source="Forbes"
          storyImage={
            Object {
              "default": "",
            }
          }
          storyTitle="UK exit from the European Union"
          trending={true}
          type={1}
        />
        <View
          style={
            Object {
              "borderBottomColor": "#E6ECED",
              "borderBottomWidth": 1,
              "marginTop": 20,
              "width": 750,
            }
          }
        />
      </View>
      <View
        key="5"
        style={
          Object {
            "marginTop": 20,
          }
        }
      >
        <storyLineShortestCard
          category="World"
          date="Sept 21, 2019"
          description="Ray Contreras talks about the different accents"
          source="Forbes"
          storyImage={
            Object {
              "default": "",
            }
          }
          storyTitle="UK exit from the European Union"
          trending={true}
          type={1}
        />
        <View
          style={
            Object {
              "borderBottomColor": "#E6ECED",
              "borderBottomWidth": 1,
              "marginTop": 20,
              "width": 750,
            }
          }
        />
      </View>
      <View
        key="6"
        style={
          Object {
            "marginTop": 20,
          }
        }
      >
        <storyLineShortestCard
          category="World"
          date="Sept 21, 2019"
          description="Ray Contreras talks about the different accents"
          source="Forbes"
          storyImage={
            Object {
              "default": "",
            }
          }
          storyTitle="UK exit from the European Union"
          trending={true}
          type={1}
        />
        <View
          style={
            Object {
              "borderBottomColor": "#E6ECED",
              "borderBottomWidth": 1,
              "marginTop": 20,
              "width": 750,
            }
          }
        />
      </View>
      <View
        key="7"
        style={
          Object {
            "marginTop": 20,
          }
        }
      >
        <storyLineShortestCard
          category="World"
          date="Sept 21, 2019"
          description="Ray Contreras talks about the different accents"
          source="Forbes"
          storyImage={
            Object {
              "default": "",
            }
          }
          storyTitle="UK exit from the European Union"
          trending={true}
          type={1}
        />
        <View
          style={
            Object {
              "borderBottomColor": "#E6ECED",
              "borderBottomWidth": 1,
              "marginTop": 20,
              "width": 750,
            }
          }
        />
      </View>
      <View
        key="8"
        style={
          Object {
            "marginTop": 20,
          }
        }
      >
        <storyLineShortestCard
          category="World"
          date="Sept 21, 2019"
          description="Ray Contreras talks about the different accents"
          source="Forbes"
          storyImage={
            Object {
              "default": "",
            }
          }
          storyTitle="UK exit from the European Union"
          trending={true}
          type={1}
        />
        <View
          style={
            Object {
              "borderBottomColor": "#E6ECED",
              "borderBottomWidth": 1,
              "marginTop": 20,
              "width": 750,
            }
          }
        />
      </View>
    </View>
  </ComponentWrapper>
</View>
`;
